mode: set
github.com/tiagomelo/go-templates/example-rest-api/handlers/v1/hello/hello.go:17.22,19.2 1 1
github.com/tiagomelo/go-templates/example-rest-api/handlers/v1/hello/hello.go:22.69,24.2 1 1
github.com/tiagomelo/go-templates/example-rest-api/handlers/v1/v1.go:22.36,26.37 3 1
github.com/tiagomelo/go-templates/example-rest-api/handlers/v1/v1.go:26.37,28.4 1 1
github.com/tiagomelo/go-templates/example-rest-api/handlers/v1/v1.go:32.2,32.15 1 1
github.com/tiagomelo/go-templates/example-rest-api/handlers/v1/v1.go:36.43,40.2 3 1
github.com/tiagomelo/go-templates/example-rest-api/middleware/middleware.go:17.63,18.71 1 0
github.com/tiagomelo/go-templates/example-rest-api/middleware/middleware.go:18.71,32.3 4 0
github.com/tiagomelo/go-templates/example-rest-api/middleware/middleware.go:36.47,38.2 1 0
github.com/tiagomelo/go-templates/example-rest-api/middleware/middleware.go:42.52,44.2 1 0
github.com/tiagomelo/go-templates/example-rest-api/handlers/handlers.go:20.45,24.2 1 0
github.com/tiagomelo/go-templates/example-rest-api/web/request.go:14.48,17.2 2 0
github.com/tiagomelo/go-templates/example-rest-api/web/response.go:13.72,15.2 1 0
github.com/tiagomelo/go-templates/example-rest-api/web/response.go:18.76,24.2 4 0
github.com/tiagomelo/go-templates/example-rest-api/web/response.go:27.57,29.2 1 0
github.com/tiagomelo/go-templates/example-rest-api/cmd/main.go:26.44,51.12 8 0
github.com/tiagomelo/go-templates/example-rest-api/cmd/main.go:51.12,54.3 2 0
github.com/tiagomelo/go-templates/example-rest-api/cmd/main.go:57.2,57.9 1 0
github.com/tiagomelo/go-templates/example-rest-api/cmd/main.go:58.29,59.42 1 0
github.com/tiagomelo/go-templates/example-rest-api/cmd/main.go:60.25,68.43 4 0
github.com/tiagomelo/go-templates/example-rest-api/cmd/main.go:68.43,71.4 2 0
github.com/tiagomelo/go-templates/example-rest-api/cmd/main.go:73.2,73.12 1 0
github.com/tiagomelo/go-templates/example-rest-api/cmd/main.go:76.13,80.16 4 0
github.com/tiagomelo/go-templates/example-rest-api/cmd/main.go:80.16,82.3 1 0
github.com/tiagomelo/go-templates/example-rest-api/cmd/main.go:83.2,84.44 2 0
github.com/tiagomelo/go-templates/example-rest-api/cmd/main.go:84.44,87.3 2 0
